Vinyl Scratch,[supporting ponies,mares,unicorns],strobeeffectdjpon3,36,366580,1336667510
80's Cheerilee,[supporting ponies,alternate art,mares,earth ponies],80scheerilee,6,79435,1336667510
Allie Way,[supporting ponies,mares,unicorns],allieway,6,89765,1336667510
Aloe,[supporting ponies,mares,earth ponies],aloe,6,43687,1336667510
Angel,[pets],angel,8,8765,1336667510
Apple Bloom,[supporting ponies,fillies,earth ponies],applebloom,14,283694,1336667510
Apple Bumpkin,[supporting ponies,mares,earth ponies],applebumpkin,8,75670,1336667510
Apple Fritter,[supporting ponies,mares,earth ponies],applefritter,12,115485,1336667510
Applejack,[main ponies,mares,earth ponies],applejack,31,845708,1336667510
Archer,[supporting ponies,fillies,earth ponies],archer,12,154256,1336667510
Berry Punch,[uncategorised],berrypunchoppp,18,110062,1336842254
Princess Celestia,[supporting ponies,mares,alicorns],bigcelestia,10,866285,1336667510
Big Mac,[supporting ponies,stallions,earth ponies],bigmac,10,146690,1336667510
Blinkie Pie,[supporting ponies,fillies,earth ponies],blinkiepie,7,41895,1336667510
Blues,[supporting ponies,stallions,earth ponies],blues,10,84649,1336667510
Bon-Bon,[supporting ponies,mares,earth ponies],bonbon,12,270834,1336667510
Boxxy Brown,[supporting ponies,stallions,pegasi],boxxybrown,8,117104,1336667510
Braeburn,[supporting ponies,stallions,earth ponies],braeburn,6,55356,1336667510
Caesar,[supporting ponies,stallions,earth ponies],caesar,6,57888,1336667510
Candy Mane,[supporting ponies,mares,earth ponies],candymane,8,41064,1340479212
Caramel,[tallions,earth ponies,supporting ponies],caramel,10,243818,1336667510
Carrot Top,[supporting ponies,mares,earth ponies],carrottop,14,186445,1336667510
Cheerilee,[supporting ponies,mares,earth ponies],cheerilee,6,66056,1336667510
Clyde Pie,[stallions,supporting ponies,earth ponies],clydepie,6,55507,1336667510
Colgate,[supporting ponies,mares,unicorns],colgate,14,68320,1336667510
Daisy,[supporting ponies,mares,earth ponies],daisy,8,59647,1336667510
Daring Do,[supporting ponies,mares,pegasi],daringdo,6,65132,1336667510
Davenport,[supporting ponies,stallions,earth ponies],davenport,6,46386,1336667510
Derpy Hooves,[pegasi,mares,supporting ponies],derpy,40,1058503,1336667510
Diamond Tiara,[supporting ponies,fillies,earth ponies],diamondtiara,8,87750,1336667510
Dinky Hooves,[supporting ponies,fillies,unicorns],dinkyhooves,8,38182,1336667510
Doctor Whoof,[supporting ponies,stallions,earth ponies],doctorwhooves,14,73487,1336667510
Elsie,[supporting ponies,earth ponies,mares],elsie,16,199109,1340479212
Fancypants,[supporting ponies,unicorns,stallions],fancypants,10,126460,1336667510
Filly AppleJack,[main ponies,fillies,earth ponies],fillyapplejack,8,77037,1336667510
Filly Celestia (Pink),[supporting ponies,fillies,alicorns],fillycelestia,12,76987,1336667510
Filly Fluttershy,[main ponies,fillies,pegasi],fillyfluttershy,14,95887,1336667510
Filly Pinkie Pie,[fillies,earth ponies,main ponies],fillypinkie,12,100999,1336667510
Filly Princess Luna,[supporting ponies,mares,alicorns],fillyprincessluna,12,77760,1336667510
Filly Rainbow Dash,[main ponies,fillies,pegasi],fillyrainbowdash,20,301560,1336667510
Filly Rarity,[main ponies,fillies,unicorns],fillyrarity,18,143894,1336667510
Filly Twilight Sparkle,[main ponies,fillies,unicorns],fillytwilight,8,67029,1336667510
Fleur de lis,[supporting ponies,mares,unicorns],fleurdelis,12,120468,1336667510
Fluttershy,[main ponies,pegasi,mares],fluttershy,34,640360,1344325954
Gilda,[supporting ponies,mares,non-ponies],gilda,16,266266,1336667510
Granny Smith,[supporting ponies,mares,earth ponies],grannysmith,10,50546,1336667510
Gummy,[pets],gummy,11,106947,1336667510
Hoity-Toity,[supporting ponies,stallions,earth ponies],hoitytoity,12,255188,1336667510
Horte Cuisine,[supporting ponies,stallions,earth ponies],hortecuisine,6,69157,1336667510
Inky Pie,[fillies,earth ponies,supporting ponies],inkypie,8,87992,1336667510
Iron Will,[uncategorised],ironwill,4,26261,1340479212
Lightning Bolt,[supporting ponies,mares,pegasi],lightningbolt,12,364424,1336667510
Lily,[supporting ponies,mares,earth ponies],lily,6,82157,1336667510
Little Strongheart,[supporting ponies,mares,non-ponies],littlestrongheart,8,171350,1336667510
Lotus,[supporting ponies,mares,earth ponies],lotus,6,40332,1336667510
Lyra,[supporting ponies,mares,unicorns],lyra,12,253781,1336667510
Master,[earth ponies,supporting ponies,stallions],master,6,44959,1336667510
Mayor Mare,[supporting ponies,mares,earth ponies],mayormare,6,53711,1336667510
Mjolna,[supporting ponies,mares,earth ponies],mjolna,6,44152,1336667510
Mr. Cake,[supporting ponies,stallions,earth ponies],mrcake,6,75190,1336667510
Mrs. Cake,[supporting ponies,mares,earth ponies],mrscake,6,87668,1336667510
Mrs. Sparkle,[supporting ponies,mares,unicorns],mrssparkle,8,45800,1340479212
Mysterious Mare Do Well,[mares],mysteriousmaredowell,17,219965,1336667510
Nightmare Moon,[supporting ponies,mares,alicorns],nightmaremoon,6,310543,1336667510
Nurse Redheart,[supporting ponies,mares,earth ponies],nurseredheart,6,71052,1336667510
Octavia,[supporting ponies,mares,earth ponies],octavia,7,66056,1336667510
Opalescence,[ets],opalescence,8,42525,1336667510
Parasprite,[pets],parasprite,9,39342,1336667510
philomena,[pets,non-ponies],philomena,22,443914,1336667510
Photo Finish,[supporting ponies,mares,earth ponies],photofinish,14,296944,1340479212
Pinkamina,[main ponies,mares,earth ponies,alternate art],pinkaminadianepie,10,112374,1336667510
Gala Pinkie,[main ponies,mares,earth ponies,alternate art],pinkiegala,12,237414,1336667510
Pinkie Pie,[main ponies,mares,earth ponies],pinkiepie,202,5888650,1336667510
Pipsqueak,[supporting ponies,fillies,earth ponies,stallions],pipsqueak,6,42622,1336667510
Pokey Pierce,[supporting ponies,stallions,unicorns],pokeypierce,6,51281,1336667510
Filly Celestia,[supporting ponies,alicorns,fillies],princesscelestia,12,297804,1336667510
Princess Luna,[supporting ponies,mares,alicorns],princessluna,17,217538,1336667510
Princess Luna (Season 2),[supporting ponies,mares,alicorns],princesslunaseason2,10,413175,1336667510
Queen Chrysalis,[non-ponies],queenchrysalis,8,51096,1340479212
Rainbow Dash,[main ponies,mares,pegasi],rainbowdash,51,1005460,1336667510
Raindrops,[supporting ponies,mares,pegasi],raindrops,20,404099,1336667510
Rarity,[main ponies,mares,unicorns],rarity,28,1863439,1336667510
Rarity's dad,[supporting ponies,stallions,earth ponies],raritysdad,6,111133,1336667510
Rarity's mom,[supporting ponies,mares,unicorns],raritysmom,6,110958,1336667510
Roseluck,[supporting ponies,mares,earth ponies],roseluck,6,49903,1336667510
Royal Guard,[stallions,pegasi,supporting ponies],royalguard,9,91322,1336667510
Royal Night Guard,[stallions,pegasi,supporting ponies],royalnightguard,9,147271,1336667510
Ruby Pinch,[uncategorised],rubypinch,10,40566,1336842254
Sapphire Shores,[supporting ponies,mares,earth ponies],sapphireshore,8,235520,1336667510
Scootaloo,[supporting ponies,fillies,pegasi],scootaloo,12,147986,1336667510
Screwball,[supporting ponies,mares],screwball,4,22526,1336667510
Shadowbolt,[supporting ponies,pegasi],shadowbolt,9,165135,1336667510
Sheriff Silverstar,[supporting ponies,stallions,earth ponies],sheriffsilverstar,6,50371,1336667510
Silver Spoon,[supporting ponies,fillies,earth ponies],silverspoon,8,79520,1336667510
Sindy,[supporting ponies,mares,earth ponies],sindy,8,53697,1336667510
Sir Colton Vines,[supporting ponies,stallions,earth ponies],sircoltonvines,8,54935,1336667510
Snails,[supporting ponies,colts,unicorns],snails,6,42091,1336667510
Snips,[supporting ponies,colts,unicorns],snips,6,30524,1336667510
Soarin',[supporting ponies,stallions,pegasi],soarin,10,100815,1336667510
Soigne Folio,[supporting ponies,mares,earth ponies],soignefolio,8,93906,1336667510
Sparkler,[supporting ponies,mares,unicorns],sparkler,10,171874,1336667510
Spike,[supporting ponies,pets,non-ponies],spike,25,126674,1336667510
Spitfire,[supporting ponies,mares,pegasi],spitfire,19,257653,1336667510
Stella,[supporting ponies,mares,earth ponies],stella,8,88730,1336667510
Sue Pie,[supporting ponies,mares,earth ponies],suepie,8,97215,1336667510
Surprise,[mares,pegasi],surprise,16,228521,1336667510
Sweetie Belle,[supporting ponies,fillies,unicorns],sweetiebelle,18,160980,1336667510
Tank,[pets,non-ponies],tank,4,44145,1336667510
Trixie,[supporting ponies,mares,unicorns],trixie,17,422344,1344325954
Twilight Sparkle,[main ponies,mares,unicorns],twilight,36,1117169,1336667510
Twist,[fillies,supporting ponies,earth ponies],twist,6,60442,1336667510
Uncle Orange,[supporting ponies,stallions,earth ponies],uncleorange,6,45246,1336667510
Violet,[supporting ponies,mares],violet,16,99093,1336667510
Winona,[pets],winona,6,42948,1336667510
Zecora,[ares,supporting ponies,non-ponies],zecora,11,110807,1336667510
Fido,[non-ponies],zfido,13,218064,1336667510
Rover,[non-ponies],zrover,14,248270,1336667510
Spot,[non-ponies],zspot,8,69403,1336667510